
> nouman-kids-wear@0.1.0 build
> next build

[1m[38;2;173;127;168mΓû▓ Next.js 16.2.9[39m[22m (Turbopack)

[37m[1m [22m[39m Creating an optimized production build ...
